[debug] [2026-01-21T06:42:13.862Z] ----------------------------------------------------------------------
[debug] [2026-01-21T06:42:13.869Z] Command:       C:\Program Files\nodejs\node.exe C:\Users\USER\AppData\Roaming\npm\node_modules\firebase-tools\lib\bin\firebase.js init
[debug] [2026-01-21T06:42:13.870Z] CLI Version:   15.3.1
[debug] [2026-01-21T06:42:13.870Z] Platform:      win32
[debug] [2026-01-21T06:42:13.870Z] Node Version:  v22.18.0
[debug] [2026-01-21T06:42:13.870Z] Time:          Wed Jan 21 2026 12:12:13 GMT+0530 (India Standard Time)
[debug] [2026-01-21T06:42:13.870Z] ----------------------------------------------------------------------
[debug] 
[info] 
     ######## #### ########  ######## ########     ###     ######  ########
     ##        ##  ##     ## ##       ##     ##  ##   ##  ##       ##
     ######    ##  ########  ######   ########  #########  ######  ######
     ##        ##  ##    ##  ##       ##     ## ##     ##       ## ##
     ##       #### ##     ## ######## ########  ##     ##  ######  ########

You're about to initialize a Firebase project in this directory:

  C:\Users\USER\Desktop\washXpress Admin\washxpress-admin

[info] 
=== Project Setup
[info] 
[info] First, let's associate this project directory with a Firebase project.
[info] You can create multiple project aliases by running firebase use --add, 
[info] 
[debug] [2026-01-21T06:43:09.104Z] > command requires scopes: ["email","openid","https://www.googleapis.com/auth/cloudplatformprojects.readonly","https://www.googleapis.com/auth/firebase","https://www.googleapis.com/auth/cloud-platform"]
[debug] [2026-01-21T06:43:09.104Z] > authorizing via signed-in user (nidulanuwan@gmail.com)
[debug] [2026-01-21T06:43:09.106Z] Checked if tokens are valid: true, expires at: 1768980348153
[debug] [2026-01-21T06:43:09.106Z] Checked if tokens are valid: true, expires at: 1768980348153
[debug] [2026-01-21T06:43:09.107Z] >>> [apiv2][query] GET https://firebase.googleapis.com/v1beta1/projects/washxpress-19b94 [none]
[debug] [2026-01-21T06:43:09.730Z] <<< [apiv2][status] GET https://firebase.googleapis.com/v1beta1/projects/washxpress-19b94 200
[debug] [2026-01-21T06:43:09.730Z] <<< [apiv2][body] GET https://firebase.googleapis.com/v1beta1/projects/washxpress-19b94 {"projectId":"washxpress-19b94","projectNumber":"1080986101352","displayName":"WashXpress","name":"projects/washxpress-19b94","resources":{"hostingSite":"washxpress-19b94"},"state":"ACTIVE","etag":"1_70c8487a-7fb6-468a-ad64-a2b68b819c6b"}
[info] i  Using project washxpress-19b94 (WashXpress) . 
[info] 
=== App Hosting Setup
[debug] [2026-01-21T06:43:09.740Z] Checked if tokens are valid: true, expires at: 1768980348153
[debug] [2026-01-21T06:43:09.740Z] Checked if tokens are valid: true, expires at: 1768980348153
[debug] [2026-01-21T06:43:09.740Z] >>> [apiv2][query] GET https://cloudbilling.googleapis.com/v1/projects/washxpress-19b94/billingInfo [none]
[debug] [2026-01-21T06:43:11.818Z] <<< [apiv2][status] GET https://cloudbilling.googleapis.com/v1/projects/washxpress-19b94/billingInfo 200
[debug] [2026-01-21T06:43:11.818Z] <<< [apiv2][body] GET https://cloudbilling.googleapis.com/v1/projects/washxpress-19b94/billingInfo {"name":"projects/washxpress-19b94/billingInfo","projectId":"washxpress-19b94","billingAccountName":"billingAccounts/011393-073F46-F1EA5D","billingEnabled":true}
[debug] [2026-01-21T06:43:11.820Z] Checked if tokens are valid: true, expires at: 1768980348153
[debug] [2026-01-21T06:43:11.820Z] Checked if tokens are valid: true, expires at: 1768980348153
[debug] [2026-01-21T06:43:11.821Z] >>> [apiv2][query] GET https://serviceusage.googleapis.com/v1/projects/washxpress-19b94/services/developerconnect.googleapis.com [none]
[debug] [2026-01-21T06:43:11.821Z] >>> [apiv2][(partial)header] GET https://serviceusage.googleapis.com/v1/projects/washxpress-19b94/services/developerconnect.googleapis.com x-goog-quota-user=projects/washxpress-19b94
[debug] [2026-01-21T06:43:14.121Z] <<< [apiv2][status] GET https://serviceusage.googleapis.com/v1/projects/washxpress-19b94/services/developerconnect.googleapis.com 200
[debug] [2026-01-21T06:43:14.121Z] <<< [apiv2][body] GET https://serviceusage.googleapis.com/v1/projects/washxpress-19b94/services/developerconnect.googleapis.com [omitted]
[debug] [2026-01-21T06:43:14.128Z] Checked if tokens are valid: true, expires at: 1768980348153
[debug] [2026-01-21T06:43:14.128Z] Checked if tokens are valid: true, expires at: 1768980348153
[debug] [2026-01-21T06:43:14.128Z] >>> [apiv2][query] POST https://iam.googleapis.com/v1/projects/washxpress-19b94/serviceAccounts/firebase-app-hosting-compute@washxpress-19b94.iam.gserviceaccount.com:testIamPermissions [none]
[debug] [2026-01-21T06:43:14.128Z] >>> [apiv2][(partial)header] POST https://iam.googleapis.com/v1/projects/washxpress-19b94/serviceAccounts/firebase-app-hosting-compute@washxpress-19b94.iam.gserviceaccount.com:testIamPermissions x-goog-quota-user=projects/washxpress-19b94
[debug] [2026-01-21T06:43:14.129Z] >>> [apiv2][body] POST https://iam.googleapis.com/v1/projects/washxpress-19b94/serviceAccounts/firebase-app-hosting-compute@washxpress-19b94.iam.gserviceaccount.com:testIamPermissions {"permissions":["iam.serviceAccounts.actAs"]}
[debug] [2026-01-21T06:43:17.760Z] <<< [apiv2][status] POST https://iam.googleapis.com/v1/projects/washxpress-19b94/serviceAccounts/firebase-app-hosting-compute@washxpress-19b94.iam.gserviceaccount.com:testIamPermissions 404
[debug] [2026-01-21T06:43:17.760Z] <<< [apiv2][body] POST https://iam.googleapis.com/v1/projects/washxpress-19b94/serviceAccounts/firebase-app-hosting-compute@washxpress-19b94.iam.gserviceaccount.com:testIamPermissions {"error":{"code":404,"message":"Unknown service account","status":"NOT_FOUND"}}
[debug] [2026-01-21T06:43:17.760Z] Checked if tokens are valid: true, expires at: 1768980348153
[debug] [2026-01-21T06:43:17.761Z] Checked if tokens are valid: true, expires at: 1768980348153
[debug] [2026-01-21T06:43:17.761Z] >>> [apiv2][query] POST https://iam.googleapis.com/v1/projects/washxpress-19b94/serviceAccounts [none]
[debug] [2026-01-21T06:43:17.761Z] >>> [apiv2][body] POST https://iam.googleapis.com/v1/projects/washxpress-19b94/serviceAccounts {"accountId":"firebase-app-hosting-compute","serviceAccount":{"displayName":"Firebase App Hosting compute service account","description":"Default service account used to run builds and deploys for Firebase App Hosting"}}
[debug] [2026-01-21T06:43:18.834Z] <<< [apiv2][status] POST https://iam.googleapis.com/v1/projects/washxpress-19b94/serviceAccounts 200
[debug] [2026-01-21T06:43:18.834Z] <<< [apiv2][body] POST https://iam.googleapis.com/v1/projects/washxpress-19b94/serviceAccounts [omitted]
[debug] [2026-01-21T06:43:18.835Z] Checked if tokens are valid: true, expires at: 1768980348153
[debug] [2026-01-21T06:43:18.835Z] Checked if tokens are valid: true, expires at: 1768980348153
[debug] [2026-01-21T06:43:18.835Z] >>> [apiv2][query] POST https://cloudresourcemanager.googleapis.com/v1/projects/washxpress-19b94:getIamPolicy [none]
[debug] [2026-01-21T06:43:20.919Z] <<< [apiv2][status] POST https://cloudresourcemanager.googleapis.com/v1/projects/washxpress-19b94:getIamPolicy 200
[debug] [2026-01-21T06:43:20.919Z] <<< [apiv2][body] POST https://cloudresourcemanager.googleapis.com/v1/projects/washxpress-19b94:getIamPolicy {"version":1,"etag":"BwZI4DiP3ws=","bindings":[{"role":"roles/cloudaicompanion.user","members":["user:bimsaradsc@gmail.com","user:chathilkarunarathna5120@gmail.com","user:horawalawithana71@gmail.com","user:yasiruanupama@gmail.com"]},{"role":"roles/cloudbuild.builds.builder","members":["serviceAccount:1080986101352@cloudbuild.gserviceaccount.com"]},{"role":"roles/cloudbuild.serviceAgent","members":["serviceAccount:service-1080986101352@gcp-sa-cloudbuild.iam.gserviceaccount.com"]},{"role":"roles/cloudfunctions.admin","members":["serviceAccount:firebase-adminsdk-fbsvc@washxpress-19b94.iam.gserviceaccount.com"]},{"role":"roles/cloudfunctions.serviceAgent","members":["serviceAccount:service-1080986101352@gcf-admin-robot.iam.gserviceaccount.com"]},{"role":"roles/containerregistry.ServiceAgent","members":["serviceAccount:service-1080986101352@containerregistry.iam.gserviceaccount.com"]},{"role":"roles/editor","members":["serviceAccount:1080986101352-compute@developer.gserviceaccount.com","serviceAccount:washxpress-19b94@appspot.gserviceaccount.com"]},{"role":"roles/firebase.admin","members":["user:bimsaradsc@gmail.com","user:chathilkarunarathna5120@gmail.com","user:horawalawithana71@gmail.com","user:yasiruanupama@gmail.com"]},{"role":"roles/firebase.managementServiceAgent","members":["serviceAccount:service-1080986101352@gcp-sa-firebase.iam.gserviceaccount.com"]},{"role":"roles/firebase.sdkAdminServiceAgent","members":["serviceAccount:firebase-adminsdk-fbsvc@washxpress-19b94.iam.gserviceaccount.com"]},{"role":"roles/firebaseappcheck.admin","members":["serviceAccount:firebase-adminsdk-fbsvc@washxpress-19b94.iam.gserviceaccount.com"]},{"role":"roles/firebaseauth.admin","members":["serviceAccount:firebase-adminsdk-fbsvc@washxpress-19b94.iam.gserviceaccount.com"]},{"role":"roles/firebaserules.system","members":["serviceAccount:service-1080986101352@firebase-rules.iam.gserviceaccount.com"]},{"role":"roles/firestore.serviceAgent","members":["serviceAccount:service-1080986101352@gcp-sa-firestore.iam.gserviceaccount.com"]},{"role":"roles/iam.serviceAccountTokenCreator","members":["serviceAccount:firebase-adminsdk-fbsvc@washxpress-19b94.iam.gserviceaccount.com"]},{"role":"roles/owner","members":["user:lahirup.indrajith@gmail.com","user:nidulanuwan@gmail.com"]},{"role":"roles/run.serviceAgent","members":["serviceAccount:service-1080986101352@serverless-robot-prod.iam.gserviceaccount.com"]}]}
[debug] [2026-01-21T06:43:20.921Z] Checked if tokens are valid: true, expires at: 1768980348153
[debug] [2026-01-21T06:43:20.921Z] Checked if tokens are valid: true, expires at: 1768980348153
[debug] [2026-01-21T06:43:20.922Z] >>> [apiv2][query] POST https://cloudresourcemanager.googleapis.com/v1/projects/washxpress-19b94:setIamPolicy [none]
[debug] [2026-01-21T06:43:20.922Z] >>> [apiv2][body] POST https://cloudresourcemanager.googleapis.com/v1/projects/washxpress-19b94:setIamPolicy {"policy":{"version":1,"etag":"BwZI4DiP3ws=","bindings":[{"role":"roles/cloudaicompanion.user","members":["user:bimsaradsc@gmail.com","user:chathilkarunarathna5120@gmail.com","user:horawalawithana71@gmail.com","user:yasiruanupama@gmail.com"]},{"role":"roles/cloudbuild.builds.builder","members":["serviceAccount:1080986101352@cloudbuild.gserviceaccount.com"]},{"role":"roles/cloudbuild.serviceAgent","members":["serviceAccount:service-1080986101352@gcp-sa-cloudbuild.iam.gserviceaccount.com"]},{"role":"roles/cloudfunctions.admin","members":["serviceAccount:firebase-adminsdk-fbsvc@washxpress-19b94.iam.gserviceaccount.com"]},{"role":"roles/cloudfunctions.serviceAgent","members":["serviceAccount:service-1080986101352@gcf-admin-robot.iam.gserviceaccount.com"]},{"role":"roles/containerregistry.ServiceAgent","members":["serviceAccount:service-1080986101352@containerregistry.iam.gserviceaccount.com"]},{"role":"roles/editor","members":["serviceAccount:1080986101352-compute@developer.gserviceaccount.com","serviceAccount:washxpress-19b94@appspot.gserviceaccount.com"]},{"role":"roles/firebase.admin","members":["user:bimsaradsc@gmail.com","user:chathilkarunarathna5120@gmail.com","user:horawalawithana71@gmail.com","user:yasiruanupama@gmail.com"]},{"role":"roles/firebase.managementServiceAgent","members":["serviceAccount:service-1080986101352@gcp-sa-firebase.iam.gserviceaccount.com"]},{"role":"roles/firebase.sdkAdminServiceAgent","members":["serviceAccount:firebase-adminsdk-fbsvc@washxpress-19b94.iam.gserviceaccount.com","serviceAccount:firebase-app-hosting-compute@washxpress-19b94.iam.gserviceaccount.com"]},{"role":"roles/firebaseappcheck.admin","members":["serviceAccount:firebase-adminsdk-fbsvc@washxpress-19b94.iam.gserviceaccount.com"]},{"role":"roles/firebaseauth.admin","members":["serviceAccount:firebase-adminsdk-fbsvc@washxpress-19b94.iam.gserviceaccount.com"]},{"role":"roles/firebaserules.system","members":["serviceAccount:service-1080986101352@firebase-rules.iam.gserviceaccount.com"]},{"role":"roles/firestore.serviceAgent","members":["serviceAccount:service-1080986101352@gcp-sa-firestore.iam.gserviceaccount.com"]},{"role":"roles/iam.serviceAccountTokenCreator","members":["serviceAccount:firebase-adminsdk-fbsvc@washxpress-19b94.iam.gserviceaccount.com"]},{"role":"roles/owner","members":["user:lahirup.indrajith@gmail.com","user:nidulanuwan@gmail.com"]},{"role":"roles/run.serviceAgent","members":["serviceAccount:service-1080986101352@serverless-robot-prod.iam.gserviceaccount.com"]},{"role":"roles/firebaseapphosting.computeRunner","members":["serviceAccount:firebase-app-hosting-compute@washxpress-19b94.iam.gserviceaccount.com"]},{"role":"roles/developerconnect.readTokenAccessor","members":["serviceAccount:firebase-app-hosting-compute@washxpress-19b94.iam.gserviceaccount.com"]},{"role":"roles/storage.objectViewer","members":["serviceAccount:firebase-app-hosting-compute@washxpress-19b94.iam.gserviceaccount.com"]}]},"updateMask":"bindings"}
[debug] [2026-01-21T06:43:22.210Z] <<< [apiv2][status] POST https://cloudresourcemanager.googleapis.com/v1/projects/washxpress-19b94:setIamPolicy 200
[debug] [2026-01-21T06:43:22.211Z] <<< [apiv2][body] POST https://cloudresourcemanager.googleapis.com/v1/projects/washxpress-19b94:setIamPolicy {"version":1,"etag":"BwZI4D2CwYE=","bindings":[{"role":"roles/cloudaicompanion.user","members":["user:bimsaradsc@gmail.com","user:chathilkarunarathna5120@gmail.com","user:horawalawithana71@gmail.com","user:yasiruanupama@gmail.com"]},{"role":"roles/cloudbuild.builds.builder","members":["serviceAccount:1080986101352@cloudbuild.gserviceaccount.com"]},{"role":"roles/cloudbuild.serviceAgent","members":["serviceAccount:service-1080986101352@gcp-sa-cloudbuild.iam.gserviceaccount.com"]},{"role":"roles/cloudfunctions.admin","members":["serviceAccount:firebase-adminsdk-fbsvc@washxpress-19b94.iam.gserviceaccount.com"]},{"role":"roles/cloudfunctions.serviceAgent","members":["serviceAccount:service-1080986101352@gcf-admin-robot.iam.gserviceaccount.com"]},{"role":"roles/containerregistry.ServiceAgent","members":["serviceAccount:service-1080986101352@containerregistry.iam.gserviceaccount.com"]},{"role":"roles/developerconnect.readTokenAccessor","members":["serviceAccount:firebase-app-hosting-compute@washxpress-19b94.iam.gserviceaccount.com"]},{"role":"roles/editor","members":["serviceAccount:1080986101352-compute@developer.gserviceaccount.com","serviceAccount:washxpress-19b94@appspot.gserviceaccount.com"]},{"role":"roles/firebase.admin","members":["user:bimsaradsc@gmail.com","user:chathilkarunarathna5120@gmail.com","user:horawalawithana71@gmail.com","user:yasiruanupama@gmail.com"]},{"role":"roles/firebase.managementServiceAgent","members":["serviceAccount:service-1080986101352@gcp-sa-firebase.iam.gserviceaccount.com"]},{"role":"roles/firebase.sdkAdminServiceAgent","members":["serviceAccount:firebase-adminsdk-fbsvc@washxpress-19b94.iam.gserviceaccount.com","serviceAccount:firebase-app-hosting-compute@washxpress-19b94.iam.gserviceaccount.com"]},{"role":"roles/firebaseappcheck.admin","members":["serviceAccount:firebase-adminsdk-fbsvc@washxpress-19b94.iam.gserviceaccount.com"]},{"role":"roles/firebaseapphosting.computeRunner","members":["serviceAccount:firebase-app-hosting-compute@washxpress-19b94.iam.gserviceaccount.com"]},{"role":"roles/firebaseauth.admin","members":["serviceAccount:firebase-adminsdk-fbsvc@washxpress-19b94.iam.gserviceaccount.com"]},{"role":"roles/firebaserules.system","members":["serviceAccount:service-1080986101352@firebase-rules.iam.gserviceaccount.com"]},{"role":"roles/firestore.serviceAgent","members":["serviceAccount:service-1080986101352@gcp-sa-firestore.iam.gserviceaccount.com"]},{"role":"roles/iam.serviceAccountTokenCreator","members":["serviceAccount:firebase-adminsdk-fbsvc@washxpress-19b94.iam.gserviceaccount.com"]},{"role":"roles/owner","members":["user:lahirup.indrajith@gmail.com","user:nidulanuwan@gmail.com"]},{"role":"roles/run.serviceAgent","members":["serviceAccount:service-1080986101352@serverless-robot-prod.iam.gserviceaccount.com"]},{"role":"roles/storage.objectViewer","members":["serviceAccount:firebase-app-hosting-compute@washxpress-19b94.iam.gserviceaccount.com"]}]}
[info] i  This command links your local project to Firebase App Hosting. You will be able to deploy your web app with `firebase deploy` after setup. 
[debug] [2026-01-21T06:43:45.849Z] Checked if tokens are valid: true, expires at: 1768980348153
[debug] [2026-01-21T06:43:45.849Z] Checked if tokens are valid: true, expires at: 1768980348153
[debug] [2026-01-21T06:43:45.850Z] >>> [apiv2][query] GET https://firebaseapphosting.googleapis.com/v1beta/projects/washxpress-19b94/locations/-/backends 
[debug] [2026-01-21T06:43:47.857Z] <<< [apiv2][status] GET https://firebaseapphosting.googleapis.com/v1beta/projects/washxpress-19b94/locations/-/backends 200
[debug] [2026-01-21T06:43:47.857Z] <<< [apiv2][body] GET https://firebaseapphosting.googleapis.com/v1beta/projects/washxpress-19b94/locations/-/backends {}
[debug] [2026-01-21T06:52:24.202Z] ExitPromptError: User force closed the prompt with SIGINT
    at Interface.sigint (C:\Users\USER\AppData\Roaming\npm\node_modules\firebase-tools\node_modules\@inquirer\core\dist\commonjs\lib\create-prompt.js:101:37)
    at Interface.emit (node:events:518:28)
    at [_ttyWrite] [as _ttyWrite] (node:internal/readline/interface:1132:18)
    at ReadStream.onkeypress (node:internal/readline/interface:271:20)
    at ReadStream.emit (node:events:530:35)
    at emitKeys (node:internal/readline/utils:370:14)
    at emitKeys.next (<anonymous>)
    at ReadStream.onData (node:internal/readline/emitKeypressEvents:64:36)
    at ReadStream.emit (node:events:518:28)
    at addChunk (node:internal/streams/readable:561:12)
[error] 
[error] Error: An unexpected error has occurred.
[debug] [2026-01-21T06:52:27.075Z] ----------------------------------------------------------------------
[debug] [2026-01-21T06:52:27.078Z] Command:       C:\Program Files\nodejs\node.exe C:\Users\USER\AppData\Roaming\npm\node_modules\firebase-tools\lib\bin\firebase.js init
[debug] [2026-01-21T06:52:27.078Z] CLI Version:   15.3.1
[debug] [2026-01-21T06:52:27.079Z] Platform:      win32
[debug] [2026-01-21T06:52:27.079Z] Node Version:  v22.18.0
[debug] [2026-01-21T06:52:27.079Z] Time:          Wed Jan 21 2026 12:22:27 GMT+0530 (India Standard Time)
[debug] [2026-01-21T06:52:27.079Z] ----------------------------------------------------------------------
[debug] 
[info] 
     ######## #### ########  ######## ########     ###     ######  ########
     ##        ##  ##     ## ##       ##     ##  ##   ##  ##       ##
     ######    ##  ########  ######   ########  #########  ######  ######
     ##        ##  ##    ##  ##       ##     ## ##     ##       ## ##
     ##       #### ##     ## ######## ########  ##     ##  ######  ########

You're about to initialize a Firebase project in this directory:

  C:\Users\USER\Desktop\washXpress Admin\washxpress-admin

[info] 
=== Project Setup
[info] 
[info] First, let's associate this project directory with a Firebase project.
[info] You can create multiple project aliases by running firebase use --add, 
[info] 
[debug] [2026-01-21T06:54:25.514Z] > command requires scopes: ["email","openid","https://www.googleapis.com/auth/cloudplatformprojects.readonly","https://www.googleapis.com/auth/firebase","https://www.googleapis.com/auth/cloud-platform"]
[debug] [2026-01-21T06:54:25.515Z] > authorizing via signed-in user (nidulanuwan@gmail.com)
[debug] [2026-01-21T06:54:25.517Z] Checked if tokens are valid: true, expires at: 1768980348153
[debug] [2026-01-21T06:54:25.518Z] Checked if tokens are valid: true, expires at: 1768980348153
[debug] [2026-01-21T06:54:25.520Z] >>> [apiv2][query] GET https://firebase.googleapis.com/v1beta1/projects/washxpress-19b94 [none]
[debug] [2026-01-21T06:54:26.052Z] <<< [apiv2][status] GET https://firebase.googleapis.com/v1beta1/projects/washxpress-19b94 200
[debug] [2026-01-21T06:54:26.052Z] <<< [apiv2][body] GET https://firebase.googleapis.com/v1beta1/projects/washxpress-19b94 {"projectId":"washxpress-19b94","projectNumber":"1080986101352","displayName":"WashXpress","name":"projects/washxpress-19b94","resources":{"hostingSite":"washxpress-19b94"},"state":"ACTIVE","etag":"1_70c8487a-7fb6-468a-ad64-a2b68b819c6b"}
[info] i  Using project washxpress-19b94 (WashXpress) . 
[info] 
=== Hosting Setup
[debug] [2026-01-21T06:54:26.064Z] Checked if tokens are valid: true, expires at: 1768980348153
[debug] [2026-01-21T06:54:26.064Z] Checked if tokens are valid: true, expires at: 1768980348153
[debug] [2026-01-21T06:54:26.065Z] >>> [apiv2][query] GET https://firebase.googleapis.com/v1beta1/projects/washxpress-19b94 [none]
[debug] [2026-01-21T06:54:26.385Z] <<< [apiv2][status] GET https://firebase.googleapis.com/v1beta1/projects/washxpress-19b94 200
[debug] [2026-01-21T06:54:26.385Z] <<< [apiv2][body] GET https://firebase.googleapis.com/v1beta1/projects/washxpress-19b94 {"projectId":"washxpress-19b94","projectNumber":"1080986101352","displayName":"WashXpress","name":"projects/washxpress-19b94","resources":{"hostingSite":"washxpress-19b94"},"state":"ACTIVE","etag":"1_70c8487a-7fb6-468a-ad64-a2b68b819c6b"}
[info] 
[info] Your public directory is the folder (relative to your project directory) that
[info] will contain Hosting assets to be uploaded with firebase deploy. If you
[info] have a build process for your assets, use your build's output directory.
[info] 
[debug] [2026-01-21T07:01:32.688Z] ExitPromptError: User force closed the prompt with SIGINT
    at Interface.sigint (C:\Users\USER\AppData\Roaming\npm\node_modules\firebase-tools\node_modules\@inquirer\core\dist\commonjs\lib\create-prompt.js:101:37)
    at Interface.emit (node:events:518:28)
    at [_ttyWrite] [as _ttyWrite] (node:internal/readline/interface:1132:18)
    at ReadStream.onkeypress (node:internal/readline/interface:271:20)
    at ReadStream.emit (node:events:530:35)
    at emitKeys (node:internal/readline/utils:370:14)
    at emitKeys.next (<anonymous>)
    at ReadStream.onData (node:internal/readline/emitKeypressEvents:64:36)
    at ReadStream.emit (node:events:518:28)
    at addChunk (node:internal/streams/readable:561:12)
[error] 
[error] Error: An unexpected error has occurred.
